// Jest Snapshot v1, https://goo.gl/fbAQLP

exports[`Test NodejsFunction snapshotTest 1`] = `
"{
  "data": {
    "aws_iam_policy_document": {
      "function-rolePolicy": {
        "statement": [
          {
            "actions": [
              "sts:AssumeRole"
            ],
            "effect": "Allow",
            "principals": [
              {
                "identifiers": [
                  "lambda.amazonaws.com"
                ],
                "type": "AWS"
              }
            ],
            "sid": "allowAssume"
          }
        ]
      }
    }
  },
  "resource": {
    "aws_iam_role": {
      "function-role": {
        "assume_role_policy": "\${data.aws_iam_policy_document.function-rolePolicy.json}",
        "name": "myIamRole"
      }
    },
    "aws_lambda_function": {
      "function": {
        "filename": "assets/function_function-code_lambda-asset_F8A592B1/43F533EC2534A5633C8DE1C6E246D11C/archive.zip",
        "function_name": "myNodeJsFunction",
        "handler": "index.handler",
        "lifecycle": {
          "ignore_changes": [
            "source_code_hash"
          ]
        },
        "role": "\${aws_iam_role.function-role.arn}",
        "runtime": "nodejs18.x",
        "source_code_hash": "43F533EC2534A5633C8DE1C6E246D11C"
      }
    }
  }
}"
`;
